// Jest Snapshot v1, https://goo.gl/fbAQLP

exports[`should test the filterung functionality should test the snapshot of search component 1`] = `
<header
  className="head"
>
  <div
    className="header "
  >
    <div
      className="views"
    >
      <p>
        Most views
      </p>
      <div
        className="sec"
      >
        <div>
          <input
            className="inpute"
            onChange={[Function]}
            placeholder="Search"
            type="search"
            value=""
          />
        </div>
         
      </div>
    </div>
    <div
      className="mic"
    >
      <svg
        fill="currentColor"
        height="1em"
        viewBox="0 0 16 16"
        width="1em"
      >
        <path
          d="M5 3a3 3 0 016 0v5a3 3 0 01-6 0V3z"
        />
        <path
          d="M3.5 6.5A.5.5 0 014 7v1a4 4 0 008 0V7a.5.5 0 011 0v1a5 5 0 01-4.5 4.975V15h3a.5.5 0 010 1h-7a.5.5 0 010-1h3v-2.025A5 5 0 013 8V7a.5.5 0 01.5-.5z"
        />
      </svg>
      <svg
        fill="currentColor"
        height="1em"
        viewBox="0 0 20 20"
        width="1em"
      >
        <path
          d="M3.94 6.5L2.22 3.64l1.42-1.42L6.5 3.94c.52-.3 1.1-.54 1.7-.7L9 0h2l.8 3.24c.6.16 1.18.4 1.7.7l2.86-1.72 1.42 1.42-1.72 2.86c.3.52.54 1.1.7 1.7L20 9v2l-3.24.8c-.16.6-.4 1.18-.7 1.7l1.72 2.86-1.42 1.42-2.86-1.72c-.52.3-1.1.54-1.7.7L11 20H9l-.8-3.24c-.6-.16-1.18-.4-1.7-.7l-2.86 1.72-1.42-1.42 1.72-2.86c-.3-.52-.54-1.1-.7-1.7L0 11V9l3.24-.8c.16-.6.4-1.18.7-1.7zM10 13a3 3 0 100-6 3 3 0 000 6z"
        />
      </svg>
    </div>
  </div>
  <p
    className="filter-by"
  >
    STATE BY COUNTRY
  </p>
</header>
`;
