// Jest Snapshot v1, https://goo.gl/fbAQLP

exports[`should test the filterung functionality should test the snapshot of search component 1`] = `
<div>
  <input
    className="inpute"
    onChange={[Function]}
    placeholder="Search"
    type="search"
    value=""
  />
</div>
`;
